// Jest Snapshot v1, https://goo.gl/fbAQLP

exports[`should view single note with sample 1`] = `
<div>
  <div
    className="headerText"
  >
    View and Delete Notes
  </div>
  <div
    className="noteContainer"
  >
    <div
      className="smallerTopMargin"
    >
      <div
        className="ant-card ant-card-bordered ant-card-small"
        style={
          Object {
            "width": 250,
          }
        }
      >
        <div
          className="ant-card-head"
          style={Object {}}
        >
          <div
            className="ant-card-head-wrapper"
          >
            <div
              className="ant-card-head-title"
            >
              12:12:12
            </div>
            <div
              className="ant-card-extra"
            >
              <button
                className="ant-btn ant-btn-danger ant-btn-sm"
                onClick={[Function]}
                type="button"
              >
                <span>
                  Delete
                </span>
              </button>
            </div>
          </div>
        </div>
        <div
          className="ant-card-body"
          style={Object {}}
        >
          <p>
            Here is a sample note. Add more notes to see your note above this.
          </p>
        </div>
      </div>
    </div>
  </div>
</div>
`;

exports[`should view single note without sample 1`] = `
<div>
  <div
    className="headerText"
  >
    View and Delete Notes
  </div>
  <div
    className="noteContainer"
  >
    Add notes to see them appear here
  </div>
</div>
`;
